../Core/Src/main.c:117:6:initMotors	8	static
../Core/Src/main.c:142:6:debugTransmit	16	static
../Core/Src/main.c:149:6:floatToBytes	24	static
../Core/Src/main.c:156:6:dataTransmit	24	static
../Core/Src/main.c:166:6:setPosition	24	static
../Core/Src/main.c:177:6:calculPosition	40	static
../Core/Src/main.c:188:6:calculPosition2	40	static
../Core/Src/main.c:204:6:updateTimerPeriod	24	static
../Core/Src/main.c:219:6:turn3Wheel	184	static
../Core/Src/main.c:326:6:moveForward3Wheel	200	static
../Core/Src/main.c:412:6:initPosition	24	static
../Core/Src/main.c:422:10:regroupBytesToUint32	24	static
../Core/Src/main.c:432:7:regroupBytesToFloat	32	static
../Core/Src/main.c:442:6:treatData	40	static
../Core/Src/main.c:468:6:initSpeed	88	static
../Core/Src/main.c:527:5:main	8	static
../Core/Src/main.c:608:6:SystemClock_Config	88	static
../Core/Src/main.c:650:13:MX_ADC1_Init	24	static
../Core/Src/main.c:702:13:MX_TIM1_Init	96	static
../Core/Src/main.c:777:13:MX_TIM2_Init	32	static
../Core/Src/main.c:822:13:MX_TIM3_Init	64	static
../Core/Src/main.c:881:13:MX_TIM4_Init	64	static
../Core/Src/main.c:940:13:MX_TIM5_Init	64	static
../Core/Src/main.c:998:13:MX_USART2_UART_Init	8	static
../Core/Src/main.c:1031:13:MX_DMA_Init	16	static
../Core/Src/main.c:1063:13:MX_GPIO_Init	48	static
../Core/Src/main.c:1118:6:HAL_UART_RxCpltCallback	16	static
../Core/Src/main.c:1159:6:Error_Handler	4	static,ignoring_inline_asm
