../Core/Src/main.c:116:6:initMotors	8	static
../Core/Src/main.c:140:6:transformData	16	static
../Core/Src/main.c:148:6:setPosition	32	static
../Core/Src/main.c:163:6:calculPosition	48	static
../Core/Src/main.c:182:6:calculPosition2	40	static
../Core/Src/main.c:200:6:updateTimerPeriod	24	static
../Core/Src/main.c:215:6:turn3Wheel	176	static
../Core/Src/main.c:317:6:moveForward3Wheel	184	static
../Core/Src/main.c:403:6:initPosition	4	static
../Core/Src/main.c:409:6:treatData	48	static
../Core/Src/main.c:490:5:main	8	static
../Core/Src/main.c:566:6:SystemClock_Config	88	static
../Core/Src/main.c:608:13:MX_ADC1_Init	24	static
../Core/Src/main.c:660:13:MX_TIM1_Init	96	static
../Core/Src/main.c:735:13:MX_TIM2_Init	32	static
../Core/Src/main.c:780:13:MX_TIM3_Init	64	static
../Core/Src/main.c:839:13:MX_TIM4_Init	64	static
../Core/Src/main.c:898:13:MX_TIM5_Init	64	static
../Core/Src/main.c:956:13:MX_USART2_UART_Init	8	static
../Core/Src/main.c:989:13:MX_DMA_Init	16	static
../Core/Src/main.c:1021:13:MX_GPIO_Init	48	static
../Core/Src/main.c:1076:6:HAL_UART_RxCpltCallback	16	static
../Core/Src/main.c:1120:6:Error_Handler	4	static,ignoring_inline_asm
