../Core/Src/main.c:119:6:initMotors	8	static
../Core/Src/main.c:144:6:debugTransmit	16	static
../Core/Src/main.c:151:6:floatToBytes	24	static
../Core/Src/main.c:158:6:dataTransmit	24	static
../Core/Src/main.c:168:6:setPosition	24	static
../Core/Src/main.c:179:6:calculPosition	40	static
../Core/Src/main.c:190:6:calculPosition2	40	static
../Core/Src/main.c:206:6:updateTimerPeriod	24	static
../Core/Src/main.c:221:6:turn3Wheel	184	static
../Core/Src/main.c:333:6:moveForward3Wheel	208	static
../Core/Src/main.c:429:6:initPosition	24	static
../Core/Src/main.c:444:10:regroupBytesToUint32	24	static
../Core/Src/main.c:454:7:regroupBytesToFloat	32	static
../Core/Src/main.c:464:6:treatData	40	static
../Core/Src/main.c:489:6:initSpeed	88	static
../Core/Src/main.c:495:6:setMotorState	16	static
../Core/Src/main.c:556:5:main	8	static
../Core/Src/main.c:640:6:SystemClock_Config	88	static
../Core/Src/main.c:682:13:MX_ADC1_Init	24	static
../Core/Src/main.c:734:13:MX_TIM1_Init	96	static
../Core/Src/main.c:809:13:MX_TIM2_Init	32	static
../Core/Src/main.c:854:13:MX_TIM3_Init	64	static
../Core/Src/main.c:913:13:MX_TIM4_Init	64	static
../Core/Src/main.c:972:13:MX_TIM5_Init	64	static
../Core/Src/main.c:1030:13:MX_USART2_UART_Init	8	static
../Core/Src/main.c:1063:13:MX_DMA_Init	16	static
../Core/Src/main.c:1095:13:MX_GPIO_Init	48	static
../Core/Src/main.c:1150:6:HAL_UART_RxCpltCallback	32	static
../Core/Src/main.c:1213:6:Error_Handler	4	static,ignoring_inline_asm
