../Core/Src/main.c:117:6:initMotors	8	static
../Core/Src/main.c:142:6:debugTransmit	16	static
../Core/Src/main.c:149:6:floatToBytes	24	static
../Core/Src/main.c:156:6:dataTransmit	24	static
../Core/Src/main.c:166:6:setPosition	24	static
../Core/Src/main.c:177:6:calculPosition	40	static
../Core/Src/main.c:188:6:calculPosition2	40	static
../Core/Src/main.c:204:6:updateTimerPeriod	24	static
../Core/Src/main.c:219:6:turn3Wheel	184	static
../Core/Src/main.c:324:6:moveForward3Wheel	200	static
../Core/Src/main.c:410:6:initPosition	24	static
../Core/Src/main.c:420:10:regroupBytesToUint32	24	static
../Core/Src/main.c:430:7:regroupBytesToFloat	32	static
../Core/Src/main.c:440:6:treatData	40	static
../Core/Src/main.c:466:6:initSpeed	88	static
../Core/Src/main.c:472:6:setMotorState	16	static
../Core/Src/main.c:533:5:main	8	static
../Core/Src/main.c:616:6:SystemClock_Config	88	static
../Core/Src/main.c:658:13:MX_ADC1_Init	24	static
../Core/Src/main.c:710:13:MX_TIM1_Init	96	static
../Core/Src/main.c:785:13:MX_TIM2_Init	32	static
../Core/Src/main.c:830:13:MX_TIM3_Init	64	static
../Core/Src/main.c:889:13:MX_TIM4_Init	64	static
../Core/Src/main.c:948:13:MX_TIM5_Init	64	static
../Core/Src/main.c:1006:13:MX_USART2_UART_Init	8	static
../Core/Src/main.c:1039:13:MX_DMA_Init	16	static
../Core/Src/main.c:1071:13:MX_GPIO_Init	48	static
../Core/Src/main.c:1126:6:HAL_UART_RxCpltCallback	16	static
../Core/Src/main.c:1167:6:Error_Handler	4	static,ignoring_inline_asm
