../Core/Src/main.c:117:6:initMotors	8	static
../Core/Src/main.c:142:6:debugTransmit	16	static
../Core/Src/main.c:149:6:floatToBytes	24	static
../Core/Src/main.c:156:6:dataTransmit	24	static
../Core/Src/main.c:167:6:setPosition	24	static
../Core/Src/main.c:178:6:calculPosition	40	static
../Core/Src/main.c:189:6:calculPosition2	32	static
../Core/Src/main.c:199:6:updateTimerPeriod	24	static
../Core/Src/main.c:214:6:turn3Wheel	176	static
../Core/Src/main.c:314:6:moveForward3Wheel	184	static
../Core/Src/main.c:398:6:initPosition	4	static
../Core/Src/main.c:404:10:regroupBytesToUint32	24	static
../Core/Src/main.c:414:7:regroupBytesToFloat	32	static
../Core/Src/main.c:424:6:treatData	40	static
../Core/Src/main.c:506:5:main	8	static
../Core/Src/main.c:584:6:SystemClock_Config	88	static
../Core/Src/main.c:626:13:MX_ADC1_Init	24	static
../Core/Src/main.c:678:13:MX_TIM1_Init	96	static
../Core/Src/main.c:753:13:MX_TIM2_Init	32	static
../Core/Src/main.c:798:13:MX_TIM3_Init	64	static
../Core/Src/main.c:857:13:MX_TIM4_Init	64	static
../Core/Src/main.c:916:13:MX_TIM5_Init	64	static
../Core/Src/main.c:974:13:MX_USART2_UART_Init	8	static
../Core/Src/main.c:1007:13:MX_DMA_Init	16	static
../Core/Src/main.c:1039:13:MX_GPIO_Init	48	static
../Core/Src/main.c:1094:6:HAL_UART_RxCpltCallback	16	static
../Core/Src/main.c:1135:6:Error_Handler	4	static,ignoring_inline_asm
