../Core/Src/main.c:134:6:initMovement	4	static
../Core/Src/main.c:148:6:initMotors	8	static
../Core/Src/main.c:183:6:updateTimerPeriod	40	static
../Core/Src/main.c:249:6:moveForward3Wheel	168	static
../Core/Src/main.c:311:6:finishMovementRush	4	static
../Core/Src/main.c:322:5:main	8	static
../Core/Src/main.c:411:6:SystemClock_Config	88	static
../Core/Src/main.c:458:13:MX_ADC1_Init	24	static
../Core/Src/main.c:510:13:MX_I2C1_Init	8	static
../Core/Src/main.c:543:13:MX_TIM1_Init	96	static
../Core/Src/main.c:618:13:MX_TIM2_Init	64	static
../Core/Src/main.c:677:13:MX_TIM3_Init	64	static
../Core/Src/main.c:736:13:MX_TIM4_Init	64	static
../Core/Src/main.c:795:13:MX_TIM5_Init	64	static
../Core/Src/main.c:853:13:MX_USART2_UART_Init	8	static
../Core/Src/main.c:886:13:MX_GPIO_Init	48	static
../Core/Src/main.c:948:6:HAL_I2C_SlaveTxCpltCallback	16	static
../Core/Src/main.c:967:6:HAL_I2C_SlaveRxCpltCallback	16	static
../Core/Src/main.c:987:6:HAL_I2C_AddrCallback	16	static
../Core/Src/main.c:1009:6:HAL_I2C_ListenCpltCallback	16	static
../Core/Src/main.c:1020:6:HAL_I2C_ErrorCallback	16	static
../Core/Src/main.c:1038:6:Error_Handler	4	static,ignoring_inline_asm
