16:27:05 **** Incremental Build of configuration Debug for project moving_tiik ****
make -j4 all 
arm-none-eabi-gcc "../Core/Src/main.c" -mcpu=cortex-m4 -std=gnu11 -g3 -DDEBUG -DUSE_HAL_DRIVER -DSTM32F401xE -c -I../Core/Inc -I../Drivers/STM32F4xx_HAL_Driver/Inc -I../Drivers/STM32F4xx_HAL_Driver/Inc/Legacy -I../Drivers/CMSIS/Device/ST/STM32F4xx/Include -I../Drivers/CMSIS/Include -O0 -ffunction-sections -fdata-sections -Wall -fstack-usage -fcyclomatic-complexity -MMD -MP -MF"Core/Src/main.d" -MT"Core/Src/main.o" --specs=nano.specs -mfpu=fpv4-sp-d16 -mfloat-abi=hard -mthumb -o "Core/Src/main.o"
arm-none-eabi-gcc -o "moving_tiik.elf" @"objects.list"   -mcpu=cortex-m4 -T"C:\Users\nono\Documents\GitHub\info-2024\moving_tiik\moving_tiik_f401re\STM32F401RETX_FLASH.ld" --specs=nosys.specs -Wl,-Map="moving_tiik.map" -Wl,--gc-sections -static --specs=nano.specs -mfpu=fpv4-sp-d16 -mfloat-abi=hard -mthumb -Wl,--start-group -lc -lm -Wl,--end-group
Finished building target: moving_tiik.elf
 
arm-none-eabi-size  moving_tiik.elf 
arm-none-eabi-objdump -h -S moving_tiik.elf  > "moving_tiik.list"
   text	   data	    bss	    dec	    hex	filename
  35044	    112	   2896	  38052	   94a4	moving_tiik.elf
Finished building: default.size.stdout
 
Finished building: moving_tiik.list
 

16:27:08 Build Finished. 0 errors, 0 warnings. (took 2s.331ms)

